assigning var {type:integer} a = {integer: 1}
assigning var {type:integer} b = {integer: 4}
while {bool: true}
assigning var {type:string} a = {string: str}
{integer: var: b}
if {bool: true}
then
{string: var: a}
{integer: var: b}
end
end
assigning var {type:integer} i = {integer: 0}
assigning var {type:string} c = {string: minhastring}
assigning var {type:string} d = {string: }
while {bool: {integer: var: i} < {integer: {integer: len {string: var: c}} - {integer: 6}}}
assigning var {type:string} d = {string: {string: var: d} + {string: {c[{integer: var: i}]}}}
end
while {bool: true}
while {bool: true}
if {bool: true}
then
assigning var {type:string} minhastr = {string: Me da nota laercio plox plox}
end
end
end
while {bool: {float: 3.3} > (float) {integer: 0}}
assigning var {type:integer} sentidodavida = {integer: 42}
end
