assigning var {type:integer} a = {integer: 1}
if {bool: true}
then
{integer: var: a}
assigning var {type:string} a = {string: str}
{string: {string: var: a} + {string:  concatena}}
{integer: len {string: var: a}}
else
{integer: var: a}
assigning var {type:bool} a = {bool: true}
{bool: var: a}
end
assigning var {type:float} d = {float: 2}
if (bool) {integer: {integer: 3} + {integer: 4}}
then
assigning var {type:string} c = {string: deve ser visivel dentro do else}
assigning var {type:bool} d = {bool: true}
if {bool: {integer: 3} < {integer: {integer: 5} + {integer: 28}}}
then
{integer: var: a}
assigning var {type:list:integer} b = {list: new list}
assigning var {type:list:integer} b = {list:integer: {list: var: b} + {integer: var: a}}
else
{string: var: c}
{bool: var: d}
end
end
